// Jest Snapshot v1, https://goo.gl/fbAQLP

exports[`The Backend101DoctestJulia stack matches the snapshot 1`] = `Object {}`;
